
[1m[46m RUN [49m[22m [36mv4.0.18 [39m[90mC:/Users/abdou/Desktop/Life-at-Daust-Store[39m

 [31mΓ¥»[39m src/test/integration/cart.test.jsx [2m([22m[2m3 tests[22m[2m | [22m[31m3 failed[39m[2m)[22m[33m 13366[2mms[22m[39m
[31m     [31m├ù[31m adds a product to the cart and verify it appears in the cart page[39m[33m 1347[2mms[22m[39m
[31m     [31m├ù[31m can remove an item from the cart[39m[33m 6822[2mms[22m[39m
[31m     [31m├ù[31m proceeds to checkout from the cart[39m[33m 5196[2mms[22m[39m
node.exe : 
At line:1 char:1
+ & "C:\Program 
Files\nodejs/node.exe" 
"C:\Program 
Files\nodejs/node_mo 
...
+ ~~~~~~~~~~~~~~~~~~~~~
~~~~~~~~~~~~~~~~~~~~~~~
~~~~~~~~~~~~~~~~~~~~~~~
~~
    + CategoryInfo     
         : NotSpecifi  
  ed: (:String) [],    
 RemoteException
    + FullyQualifiedEr 
   rorId : NativeComm  
  andError
 
[31mΓÄ»ΓÄ»ΓÄ»ΓÄ»ΓÄ»ΓÄ»
ΓÄ»[39m[1m[41m 
Failed Tests 3 [49m[2
2m[31mΓÄ»ΓÄ»ΓÄ»ΓÄ»ΓÄ»Γ
Ä»ΓÄ»[39m

[41m[1m FAIL 
[22m[49m src/test/int
egration/cart.test.jsx
[2m > [22mCart & 
Checkout 
Integration[2m > 
[22madds a product to 
the cart and verify it 
appears in the cart 
page
[31m[1mTestingLibrary
ElementError[22m[39m:
 Unable to find an 
element with the text: 
/store catalog/i. This 
could be because the 
text is broken up by 
multiple elements. In 
this case, you can 
provide a function for 
your text matcher to 
make your matcher more 
flexible.

Ignored nodes: 
comments, script, style
[36m<body[39m
  [33mstyle[39m=[32m
"overflow: unset;"[39m
[36m>[39m
  [36m<div>[39m
    [36m<div[39m
      [33mclass[39m=
[32m"min-h-screen 
bg-white flex 
flex-col"[39m
    [36m>[39m
      [36m<nav[39m
        [33mclass[39m
=[32m"sticky top-0 
z-[100] transition-all 
duration-500 
bg-white/95 
backdrop-blur-md"[39m
      [36m>[39m
        [36m<div[39m
          [33mclass[3
9m=[32m"max-w-7xl 
mx-auto px-4 sm:px-6 
lg:px-8 w-full"[39m
        [36m>[39m
          
[36m<div[39m
            [33mclass
[39m=[32m"flex 
items-center 
justify-between h-20 
lg:h-32 relative"[39m
          [36m>[39m
            
[36m<div[39m
              [33mclas
s[39m=[32m"hidden 
lg:flex items-center 
gap-2 flex-1 
animate-fade-in"[39m
            [36m>[39m
              
[36m<a[39m
                [33mar
ia-current[39m=[32m"p
age"[39m
                [33mcl
ass[39m=[32m"relative
 px-4 py-2 text-[11px] 
font-[900] uppercase 
tracking-[0.25em] 
transition-all 
duration-300 
nav-link-ul 
text-brand-orange 
active-link"[39m
                [33mda
ta-discover[39m=[32m"
true"[39m
                [33mhr
ef[39m=[32m"/shop"[3
9m
              
[36m>[39m
                
[0mShop[0m
              
[36m</a>[39m
              
[36m<div[39m
                [33mcl
ass[39m=[32m"relative
 group dropdown"[39m
              
[36m>[39m
                
[36m<button[39m
                  [33m
class[39m=[32m"flex 
items-center gap-1.5 
px-4 py-2 text-[11px] 
font-[900] uppercase 
tracking-[0.25em] 
text-gray-700 hover:tex
t-brand-orange 
transition-all 
duration-300"[39m
                
[36m>[39m
                  
[0mCollections[0m
                  
[36m<svg[39m
                    [3
3maria-hidden[39m=[32
m"true"[39m
                    [3
3mclass[39m=[32m"luci
de lucide-chevron-down 
opacity-40 
group-hover:rotate-180 
transition-transform 
duration-300 group-hove
r:text-brand-orange"[3
9m
                    [3
3mfill[39m=[32m"none"
[39m
                    [3
3mheight[39m=[32m"11"
[39m
                    [3
3mstroke[39m=[32m"cur
rentColor"[39m
                    [3
3mstroke-linecap[39m=
[32m"round"[39m
                    [3
3mstroke-linejoin[39m=
[32m"round"[39m
                    [3
3mstroke-width[39m=[3
2m"2"[39m
                    [3
3mviewBox[39m=[32m"0 
0 24 24"[39m
                    [3
3mwidth[39m=[32m"11"
[39m
                    [3
3mxmlns[39m=[32m"http
://www.w3.org/2000/svg"
[39m
                  
[36m>[39m
                    
[36m<path[39m
                      
[33md[39m=[32m"m6 9 
6 6 6-6"[39m
                    
[36m/>[39m
                  
[36m</svg>[39m
                
[36m</button>[39m
                
[36m<div[39m
                  [33m
class[39m=[32m"dropdo
wn-menu absolute 
hidden pt-3 w-60 
left-0 z-50"[39m
                
[36m>[39m
                  
[36m<div[39m
                    [3
3mclass[39m=[32m"bg-w
hite rounded-[2rem] 
shadow-2xl 
shadow-black/10 border 
border-gray-100 
overflow-hidden 
p-2"[39m
                  
[36m>[39m
                    
[36m<a[39m
                      
[33mclass[39m=[32m"fl
ex items-center px-5 
py-3.5 text-xs 
font-[700] 
text-gray-600 
hover:bg-orange-50/70 h
over:text-brand-orange 
rounded-2xl 
transition-all 
duration-200"[39m
                      
[33mdata-discover[39m=
[32m"true"[39m
                      
[33mhref[39m=[32m"/co
llections/undefined"[3
9m
                    
[36m>[39m
                      
[0mDAUST Water 
Bottle[0m
                    
[36m</a>[39m
                    
[36m<a[39m
                      
[33mclass[39m=[32m"fl
ex items-center px-5 
py-3.5 text-xs 
font-[700] 
text-gray-600 
hover:bg-orange-50/70 h
over:text-brand-orange 
rounded-2xl 
transition-all 
duration-200"[39m
                      
[33mdata-discover[39m=
[32m"true"[39m
                      
[33mhref[39m=[32m"/co
llections/undefined"[3
9m
                    
[36m>[39m
                      
[0mDAUST Mug[0m
                    
[36m</a>[39m
                    
[36m<a[39m
                      
[33mclass[39m=[32m"fl
ex items-center px-5 
py-3.5 text-xs 
font-[700] 
text-gray-600 
hover:bg-orange-50/70 h
over:text-brand-orange 
rounded-2xl 
transition-all 
duration-200"[39m
                      
[33mdata-discover[39m=
[32m"true"[39m
                      
[33mhref[39m=[32m"/co
llections/undefined"[3
9m
                    
[36m>[39m
                      
[0mDAUST Cap 
(Blue)[0m
                    
[36m</a>[39m
                    
[36m<a[39m
                      
[33mclass[39m=[32m"fl
ex items-center px-5 
py-3.5 text-xs 
font-[700] 
text-gray-600 
hover:bg-orange-50/70 h
over:text-brand-orange 
rounded-2xl 
transition-all 
duration-200"[39m
                      
[33mdata-discover[39m=
[32m"true"[39m
                      
[33mhref[39m=[32m"/co
llections/undefined"[3
9m
                    
[36m>[39m
                      
[0mHoodie 
'Once/Always'[0m
                    
[36m</a>[39m
                    
[36m<a[39m
                      
[33mclass[39m=[32m"fl
ex items-center px-5 
py-3.5 text-xs 
font-[700] 
text-gray-600 
hover:bg-orange-50/70 h
over:text-brand-orange 
rounded-2xl 
transition-all 
duration-200"[39m
                      
[33mdata-discover[39m=
[32m"true"[39m
                      
[33mhref[39m=[32m"/co
llections/undefined"[3
9m
                    
[36m>[39m
                      
[0mHoodie 'Proud 
Parent'[0m
                    
[36m</a>[39m
                    
[36m<a[39m
                      
[33mclass[39m=[32m"fl
ex items-center px-5 
py-3.5 text-xs 
font-[700] 
text-gray-600 
hover:bg-orange-50/70 h
over:text-brand-orange 
rounded-2xl 
transition-all 
duration-200"[39m
                      
[33mdata-discover[39m=
[32m"true"[39m
                      
[33mhref[39m=[32m"/co
llections/undefined"[3
9m
                    
[36m>[39m
                      
[0mHoodie 
'Once/Always' White[0m
                    
[36m</a>[39m
                    
[36m<a[39m
                      
[33mclass[39m=[32m"fl
ex items-center px-5 
py-3.5 text-xs 
font-[700] 
text-gray-600 
hover:bg-orange-50/70 h
over:text-brand-orange 
rounded-2xl 
transition-all 
duration-200"[39m
                      
[33mdata-discover[39m=
[32m"true"[39m
                      
[33mhref[39m=[32m"/co
llections/undefined"[3
9m
                    
[36m>[39m
                      
[0mHoodie 'Proud' 
Grey[0m
                    
[36m</a>[39m
                    
[36m<a[39m
                      
[33mclass[39m=[32m"fl
ex items-center px-5 
py-3.5 text-xs 
font-[700] 
text-gray-600 
hover:bg-orange-50/70 h
over:text-brand-orange 
rounded-2xl 
transition-all 
duration-200"[39m
                      
[33mdata-discover[39m=
[32m"true"[39m
                      
[33mhref[39m=[32m"/co
llections/undefined"[3
9m
                    
[36m>[39m
                      
[0mQuarter Zip 
Daustian[0m
                    
[36m</a>[39m
                    
[36m<a[39m
                      
[33mclass[39m=[32m"fl
ex items-c...
[90m [2mΓ¥»[22m 
Object.getElementError 
node_modules/@testing-l
ibrary/dom/dist/config.
js:[2m37:19[22m[39m
[90m [2mΓ¥»[22m node
_modules/@testing-libra
ry/dom/dist/query-helpe
rs.js:[2m76:38[22m[3
9m
[90m [2mΓ¥»[22m node
_modules/@testing-libra
ry/dom/dist/query-helpe
rs.js:[2m52:17[22m[3
9m
[90m [2mΓ¥»[22m node
_modules/@testing-libra
ry/dom/dist/query-helpe
rs.js:[2m95:19[22m[3
9m
[36m [2mΓ¥»[22m src/
test/integration/cart.t
est.jsx:[2m35:23[22m
[39m
    [90m 33| [39m
    [90m 34| [39m    
    [90m// Verify we 
are on the Shop 
page[39m

[2m Test Files [22m [1m[31m1 failed[39m[22m[90m (1)[39m
[2m      Tests [22m [1m[31m3 failed[39m[22m[90m (3)[39m
[2m   Start at [22m 00:14:33
[2m   Duration [22m 15.13s[2m (transform 382ms, setup 144ms, import 560ms, tests 13.37s, environment 569ms)[22m

    [90m 35| [39m    
    [34mexpect[39m(sc
reen[33m.[39m[34mget
ByText[39m([36m/store
 catalog/i[39m))[33m.
[39m[34mtoBeInTheDocu
ment[39m()[33m;[39m
    [90m   | [39m    
                  
[31m^[39m
    [90m 36| [39m
    [90m 37| [39m    
    [90m// Find a 
product and click 
Quick Add[39m

[31m[2mΓÄ»ΓÄ»ΓÄ»ΓÄ»ΓÄ
»ΓÄ»ΓÄ»ΓÄ»ΓÄ»ΓÄ»ΓÄ»ΓÄ»Γ
Ä»ΓÄ»ΓÄ»ΓÄ»ΓÄ»ΓÄ»ΓÄ»ΓÄ»
ΓÄ»ΓÄ»ΓÄ»ΓÄ»[1/3]ΓÄ»[2
2m[39m

[41m[1m FAIL 
[22m[49m src/test/int
egration/cart.test.jsx
[2m > [22mCart & 
Checkout 
Integration[2m > 
[22mcan remove an 
item from the cart
[31m[1mError[22m: 
Test timed out in 
5000ms.
If this is a 
long-running test, 
pass a timeout value 
as the last argument 
or configure it 
globally with 
"testTimeout".[39m
[36m [2mΓ¥»[22m src/
test/integration/cart.t
est.jsx:[2m50:5[22m[
39m
    [90m 48| [39m    
})[33m;[39m
    [90m 49| [39m
    [90m 50| [39m    
[34mit[39m([32m'can 
remove an item from 
the 
cart'[39m[33m,[39m 
[35masync[39m () 
[33m=>[39m {
    [90m   | [39m    
[31m^[39m
    [90m 51| [39m    
    [35mconst[39m 
user [33m=[39m userEv
ent[33m.[39m[34msetu
p[39m()[33m;[39m
    [90m 52| [39m    
    [34mrenderWithProv
iders[39m([33m<[39m
[33mApp[39m [33m/[39
m[33m>[39m)[33m;[39
m

[31m[2mΓÄ»ΓÄ»ΓÄ»ΓÄ»ΓÄ
»ΓÄ»ΓÄ»ΓÄ»ΓÄ»ΓÄ»ΓÄ»ΓÄ»Γ
Ä»ΓÄ»ΓÄ»ΓÄ»ΓÄ»ΓÄ»ΓÄ»ΓÄ»
ΓÄ»ΓÄ»ΓÄ»ΓÄ»[2/3]ΓÄ»[2
2m[39m

[41m[1m FAIL 
[22m[49m src/test/int
egration/cart.test.jsx
[2m > [22mCart & 
Checkout 
Integration[2m > 
[22mproceeds to 
checkout from the cart
[31m[1mError[22m: 
Test timed out in 
5000ms.
If this is a 
long-running test, 
pass a timeout value 
as the last argument 
or configure it 
globally with 
"testTimeout".[39m
[36m [2mΓ¥»[22m src/
test/integration/cart.t
est.jsx:[2m73:5[22m[
39m
    [90m 71| [39m    
})[33m;[39m
    [90m 72| [39m
    [90m 73| [39m    
[34mit[39m([32m'proc
eeds to checkout from 
the 
cart'[39m[33m,[39m 
[35masync[39m () 
[33m=>[39m {
    [90m   | [39m    
[31m^[39m
    [90m 74| [39m    
    [35mconst[39m 
user [33m=[39m userEv
ent[33m.[39m[34msetu
p[39m()[33m;[39m
    [90m 75| [39m    
    [34mrenderWithProv
iders[39m([33m<[39m
[33mApp[39m [33m/[39
m[33m>[39m)[33m;[39
m

[31m[2mΓÄ»ΓÄ»ΓÄ»ΓÄ»ΓÄ
»ΓÄ»ΓÄ»ΓÄ»ΓÄ»ΓÄ»ΓÄ»ΓÄ»Γ
Ä»ΓÄ»ΓÄ»ΓÄ»ΓÄ»ΓÄ»ΓÄ»ΓÄ»
ΓÄ»ΓÄ»ΓÄ»ΓÄ»[3/3]ΓÄ»[2
2m[39m

